LabVIEWCLI started logging in file:  /tmp/lvtemporary_740086.log
Using LabVIEW: "/usr/local/natinst/LabVIEW-2026-64/labviewprofull"
LabVIEW launched successfully.
Connection established with LabVIEW at port number 3363.

Operation output: 
#### Starting Mass Compile: Mon, Aug 31, 2026 02:33:35 PM
  Directory: "/workspace"
  ### Bad VI:    "Revidyne Generator.lvlib:VI Tree.vi"	Path="/workspace/Curriculum/Generator API/subVIs/Public/VI Tree.vi" 
Search failed to find "NI_UnitTestFramework.lvlib:utf_test_result_troll.ctl" previously from "/<vilib>/utf/common/utf_test_result_troll.ctl"  +=+   Caller: "User-Defined Test Advanced.vi"
Search failed to find "NI_UnitTestFramework.lvlib:utf_test_result_failure.ctl" previously from "/<vilib>/utf/common/utf_test_result_failure.ctl"  +=+   Caller: "User-Defined Test Advanced.vi"
Search failed to find "NI_UnitTestFramework.lvlib:utf_test_comparison_operators.ctl" previously from "/<vilib>/utf/common/utf_test_comparison_operators.ctl"  +=+   Caller: "User-Defined Test Advanced.vi"
Search failed to find "NI_UnitTestFramework.lvlib:utf_test_result.ctl" previously from "/<vilib>/utf/common/utf_test_result.ctl"  +=+   Caller: "User-Defined Test Advanced.vi"
  ### Bad VI:    "User-Defined Test Advanced.vi"	Path="/workspace/User-Defined Test/User-Defined Test Advanced.vi" 
  ### Bad VI:    "User-Defined Test Basic.vi"	Path="/workspace/User-Defined Test/User-Defined Test Basic.vi" 
/workspace/.github/labview/PrintToSingleFileHtml/PrintToSingleFileHtml.lvclass (PrintToSingleFileHtml.lvclass)
    - The class expected to be at "/workspace/.github/labview/CoreOperation/CoreOperation.lvclass" was loaded from "/usr/local/natinst/share/nilvcli/Operations/CoreOperation/CoreOperation.lvclass".
Search failed to find "LV AI Core.lvlib:XML generator.vi" previously from "/workspace/.github/labview/toimages/_ni/labview/lvctl/vis/LV AI Core/XML generator.vi"  +=+   Caller: "VI to XML.vi"
  ### Bad VI:    "VI to XML.vi"	Path="/workspace/.github/labview/toimages/_ni/labview/lvctl/vis/VI to XML.vi" 
Search failed to find "LV AI Core.lvlib:VI generator.vi" previously from "/workspace/.github/labview/toimages/_ni/labview/lvctl/vis/LV AI Core/VI generator.vi"  +=+   Caller: "XML to VI.vi"
  ### Bad VI:    "XML to VI.vi"	Path="/workspace/.github/labview/toimages/_ni/labview/lvctl/vis/XML to VI.vi" 
#### Finished Mass Compile: Mon, Aug 31, 2026 02:33:46 PM

MassCompile operation failed.

